// Jest Snapshot v1, https://goo.gl/fbAQLP

exports[`renders correctly 1`] = `
<div
  className="sc-bdVaJa hpfjMZ"
  onClick={[Function]}
>
  <div>
    Foo
  </div>
  <div>
    <i>
      Rating: 
      2
    </i>
  </div>
</div>
`;
